// Jest Snapshot v1, https://goo.gl/fbAQLP

exports[`Navbar renders if only required params are passed in 1`] = `
<div
  data-testid="Navbar"
  style="opacity: 0; max-height: 105px; overflow: hidden;"
>
  <div
    class="sc-dkzDqf jRhnTD"
  >
    <img
      alt="logo"
      class="sc-bczRLJ gjPwgS"
      src="jennapalmer-dark.svg"
    />
    <div
      class="sc-papXJ dtccfk"
      data-testid="Desktop Menu"
    >
      <a
        class="sc-jqUVSM klaAtv"
        href="#one"
      >
        ONE
      </a>
      <a
        class="sc-jqUVSM klaAtv"
        href="#two"
      >
        TWO
      </a>
    </div>
    <div
      class="sc-gsnTZi iHtEjK"
      data-testid="Hamburger"
    >
      <div
        aria-expanded="false"
        class="hamburger-react"
        role="button"
        style="cursor: pointer; height: 48px; position: relative; transition: 0.5s cubic-bezier(0, 0, 0, 1); user-select: none; width: 48px; outline: none;"
        tabindex="0"
      >
        <div
          style="background: rgb(229, 107, 111); height: 2px; left: 14px; position: absolute; width: 20px; top: 17px; transition: 0.5s cubic-bezier(0, 0, 0, 1); transform: none;"
        />
        <div
          style="background: rgb(229, 107, 111); height: 2px; left: 14px; position: absolute; width: 20px; top: 23px; transition: 0.25s cubic-bezier(0, 0, 0, 1); transform: none;"
        />
        <div
          style="background: rgb(229, 107, 111); height: 2px; left: 14px; position: absolute; width: 20px; top: 29px; transition: 0.5s cubic-bezier(0, 0, 0, 1); transform: none;"
        />
      </div>
    </div>
  </div>
  <div
    class="sc-hKMtZM cZmFZG"
  >
    <div
      class="sc-eCYdqJ iBpHZo"
      data-testid="Mobile Menu"
    >
      <a
        class="sc-jSMfEi dpeGWT"
        href="#one"
      >
        ONE
      </a>
      <a
        class="sc-jSMfEi dpeGWT"
        href="#two"
      >
        TWO
      </a>
    </div>
    <div
      class="sc-gKXOVf ftsEjB"
      data-testid="Socials"
    >
      <a
        class="sc-iBkjds tezBT"
        href="https://www.github.com/jcpalmer108/"
      >
        <img
          alt="github"
          class="sc-ftvSup kFuEXh"
          src="[object Object]"
        />
      </a>
      <a
        class="sc-iBkjds tezBT"
        href="https://leetcode.com/darthToaster/"
      >
        <img
          alt="leetcode"
          class="sc-ftvSup kFuEXh"
          src="[object Object]"
        />
      </a>
    </div>
  </div>
</div>
`;
